<?xml version="1.0" encoding="utf-8"?><testsuite errors="0" failures="0" name="pytest" skips="0" tests="2" time="0.127"><testcase classname="message_test.TestMessage" file="message_test.py" line="18" name="test_init" time="0.0014145374298095703"></testcase><testcase classname="message_test.TestMessage" file="message_test.py" line="22" name="test_exists" time="0.0007228851318359375"></testcase></testsuite>